// Jest Snapshot v1, https://goo.gl/fbAQLP

exports[`test Table component render correctly 1`] = `
Object {
  "asFragment": [Function],
  "baseElement": <body>
    <div>
      <div>
        <table
          class="sc-gKAblj iBTMV"
        >
          <thead>
            <tr>
              <th>
                <span>
                  Name
                </span>
              </th>
              <th>
                <span>
                  Chinese Score
                </span>
              </th>
              <th>
                <span>
                  Math Score
                </span>
              </th>
              <th>
                <span>
                  English Score
                </span>
              </th>
            </tr>
          </thead>
          <tbody>
            <tr>
              <td>
                <span>
                  John Brown
                </span>
              </td>
              <td>
                <span>
                  55
                </span>
              </td>
              <td>
                <span>
                  60
                </span>
              </td>
              <td>
                <span>
                  70
                </span>
              </td>
            </tr>
            <tr>
              <td>
                <span>
                  Jim Green
                </span>
              </td>
              <td>
                <span>
                  98
                </span>
              </td>
              <td>
                <span>
                  66
                </span>
              </td>
              <td>
                <span>
                  89
                </span>
              </td>
            </tr>
            <tr>
              <td>
                <span>
                  Joe Black
                </span>
              </td>
              <td>
                <span>
                  78
                </span>
              </td>
              <td>
                <span>
                  90
                </span>
              </td>
              <td>
                <span>
                  70
                </span>
              </td>
            </tr>
            <tr>
              <td>
                <span>
                  Jim Red
                </span>
              </td>
              <td>
                <span>
                  88
                </span>
              </td>
              <td>
                <span>
                  99
                </span>
              </td>
              <td>
                <span>
                  89
                </span>
              </td>
            </tr>
          </tbody>
        </table>
      </div>
    </div>
  </body>,
  "container": <div>
    <div>
      <table
        class="sc-gKAblj iBTMV"
      >
        <thead>
          <tr>
            <th>
              <span>
                Name
              </span>
            </th>
            <th>
              <span>
                Chinese Score
              </span>
            </th>
            <th>
              <span>
                Math Score
              </span>
            </th>
            <th>
              <span>
                English Score
              </span>
            </th>
          </tr>
        </thead>
        <tbody>
          <tr>
            <td>
              <span>
                John Brown
              </span>
            </td>
            <td>
              <span>
                55
              </span>
            </td>
            <td>
              <span>
                60
              </span>
            </td>
            <td>
              <span>
                70
              </span>
            </td>
          </tr>
          <tr>
            <td>
              <span>
                Jim Green
              </span>
            </td>
            <td>
              <span>
                98
              </span>
            </td>
            <td>
              <span>
                66
              </span>
            </td>
            <td>
              <span>
                89
              </span>
            </td>
          </tr>
          <tr>
            <td>
              <span>
                Joe Black
              </span>
            </td>
            <td>
              <span>
                78
              </span>
            </td>
            <td>
              <span>
                90
              </span>
            </td>
            <td>
              <span>
                70
              </span>
            </td>
          </tr>
          <tr>
            <td>
              <span>
                Jim Red
              </span>
            </td>
            <td>
              <span>
                88
              </span>
            </td>
            <td>
              <span>
                99
              </span>
            </td>
            <td>
              <span>
                89
              </span>
            </td>
          </tr>
        </tbody>
      </table>
    </div>
  </div>,
  "debug": [Function],
  "findAllByAltText": [Function],
  "findAllByDisplayValue": [Function],
  "findAllByLabelText": [Function],
  "findAllByPlaceholderText": [Function],
  "findAllByRole": [Function],
  "findAllByTestId": [Function],
  "findAllByText": [Function],
  "findAllByTitle": [Function],
  "findByAltText": [Function],
  "findByDisplayValue": [Function],
  "findByLabelText": [Function],
  "findByPlaceholderText": [Function],
  "findByRole": [Function],
  "findByTestId": [Function],
  "findByText": [Function],
  "findByTitle": [Function],
  "getAllByAltText": [Function],
  "getAllByDisplayValue": [Function],
  "getAllByLabelText": [Function],
  "getAllByPlaceholderText": [Function],
  "getAllByRole": [Function],
  "getAllByTestId": [Function],
  "getAllByText": [Function],
  "getAllByTitle": [Function],
  "getByAltText": [Function],
  "getByDisplayValue": [Function],
  "getByLabelText": [Function],
  "getByPlaceholderText": [Function],
  "getByRole": [Function],
  "getByTestId": [Function],
  "getByText": [Function],
  "getByTitle": [Function],
  "queryAllByAltText": [Function],
  "queryAllByDisplayValue": [Function],
  "queryAllByLabelText": [Function],
  "queryAllByPlaceholderText": [Function],
  "queryAllByRole": [Function],
  "queryAllByTestId": [Function],
  "queryAllByText": [Function],
  "queryAllByTitle": [Function],
  "queryByAltText": [Function],
  "queryByDisplayValue": [Function],
  "queryByLabelText": [Function],
  "queryByPlaceholderText": [Function],
  "queryByRole": [Function],
  "queryByTestId": [Function],
  "queryByText": [Function],
  "queryByTitle": [Function],
  "rerender": [Function],
  "unmount": [Function],
}
`;
