// Jest Snapshot v1, https://goo.gl/fbAQLP

exports[`test Tree component render correctly 1`] = `
Object {
  "asFragment": [Function],
  "baseElement": <body>
    <div>
      <div>
        <div
          class="sc-hKFyIo kJqdxa"
          draggable="true"
        >
          <span
            class="sc-eCApGN kYhPQD"
          >
            <svg
              class="sc-bdnylx fIWMCQ"
              color="black"
              height="20px"
              viewBox="0 0 1024 1024"
              width="20px"
            >
              <path
                class="sc-gtssRu kxOhqr"
                color="black"
                d="M511.976 768.002c-10.236 0-20.47-3.904-28.282-11.712l-344.154-344.098c-15.624-15.62-15.624-40.946-0.006-56.57 15.622-15.622 40.948-15.624 56.568-0.004l315.876 315.82 315.922-315.868c15.624-15.618 40.952-15.616 56.568 0.004 15.62 15.624 15.618 40.95-0.006 56.57l-344.204 344.144c-7.81 7.81-18.046 11.714-28.282 11.714z"
              />
            </svg>
          </span>
          <span>
            北京分行
          </span>
        </div>
        <div
          class="sc-hKFyIo jRZEKM"
          draggable="true"
        >
          <span
            class="sc-eCApGN kYhPQD"
          >
            <svg
              class="sc-bdnylx fIWMCQ"
              color="black"
              height="20px"
              viewBox="0 0 1024 1024"
              width="20px"
            >
              <path
                class="sc-gtssRu kxOhqr"
                color="black"
                d="M511.976 768.002c-10.236 0-20.47-3.904-28.282-11.712l-344.154-344.098c-15.624-15.62-15.624-40.946-0.006-56.57 15.622-15.622 40.948-15.624 56.568-0.004l315.876 315.82 315.922-315.868c15.624-15.618 40.952-15.616 56.568 0.004 15.62 15.624 15.618 40.95-0.006 56.57l-344.204 344.144c-7.81 7.81-18.046 11.714-28.282 11.714z"
              />
            </svg>
          </span>
          <span>
            朝阳支行办事处
          </span>
        </div>
        <div
          class="sc-hKFyIo gwokjl"
          draggable="true"
        >
          <span
            class="sc-eCApGN eEPAex"
          >
            <svg
              class="sc-bdnylx fIWMCQ"
              color="black"
              height="20px"
              viewBox="0 0 1024 1024"
              width="20px"
            >
              <path
                class="sc-gtssRu kxOhqr"
                color="black"
                d="M511.976 768.002c-10.236 0-20.47-3.904-28.282-11.712l-344.154-344.098c-15.624-15.62-15.624-40.946-0.006-56.57 15.622-15.622 40.948-15.624 56.568-0.004l315.876 315.82 315.922-315.868c15.624-15.618 40.952-15.616 56.568 0.004 15.62 15.624 15.618 40.95-0.006 56.57l-344.204 344.144c-7.81 7.81-18.046 11.714-28.282 11.714z"
              />
            </svg>
          </span>
          <span>
            朝阳支行办事处-1
          </span>
        </div>
        <div
          class="sc-hKFyIo gwokjl"
          draggable="true"
        >
          <span
            class="sc-eCApGN eEPAex"
          >
            <svg
              class="sc-bdnylx fIWMCQ"
              color="black"
              height="20px"
              viewBox="0 0 1024 1024"
              width="20px"
            >
              <path
                class="sc-gtssRu kxOhqr"
                color="black"
                d="M511.976 768.002c-10.236 0-20.47-3.904-28.282-11.712l-344.154-344.098c-15.624-15.62-15.624-40.946-0.006-56.57 15.622-15.622 40.948-15.624 56.568-0.004l315.876 315.82 315.922-315.868c15.624-15.618 40.952-15.616 56.568 0.004 15.62 15.624 15.618 40.95-0.006 56.57l-344.204 344.144c-7.81 7.81-18.046 11.714-28.282 11.714z"
              />
            </svg>
          </span>
          <span>
            朝阳支行办事处-2
          </span>
        </div>
        <div
          class="sc-hKFyIo jRZEKM"
          draggable="true"
        >
          <span
            class="sc-eCApGN eEPAex"
          >
            <svg
              class="sc-bdnylx fIWMCQ"
              color="black"
              height="20px"
              viewBox="0 0 1024 1024"
              width="20px"
            >
              <path
                class="sc-gtssRu kxOhqr"
                color="black"
                d="M511.976 768.002c-10.236 0-20.47-3.904-28.282-11.712l-344.154-344.098c-15.624-15.62-15.624-40.946-0.006-56.57 15.622-15.622 40.948-15.624 56.568-0.004l315.876 315.82 315.922-315.868c15.624-15.618 40.952-15.616 56.568 0.004 15.62 15.624 15.618 40.95-0.006 56.57l-344.204 344.144c-7.81 7.81-18.046 11.714-28.282 11.714z"
              />
            </svg>
          </span>
          <span>
            海淀支行办事处
          </span>
        </div>
        <div
          class="sc-hKFyIo jRZEKM"
          draggable="true"
        >
          <span
            class="sc-eCApGN eEPAex"
          >
            <svg
              class="sc-bdnylx fIWMCQ"
              color="black"
              height="20px"
              viewBox="0 0 1024 1024"
              width="20px"
            >
              <path
                class="sc-gtssRu kxOhqr"
                color="black"
                d="M511.976 768.002c-10.236 0-20.47-3.904-28.282-11.712l-344.154-344.098c-15.624-15.62-15.624-40.946-0.006-56.57 15.622-15.622 40.948-15.624 56.568-0.004l315.876 315.82 315.922-315.868c15.624-15.618 40.952-15.616 56.568 0.004 15.62 15.624 15.618 40.95-0.006 56.57l-344.204 344.144c-7.81 7.81-18.046 11.714-28.282 11.714z"
              />
            </svg>
          </span>
          <span>
            石景山支行办事处
          </span>
        </div>
        <div
          class="sc-hKFyIo kJqdxa"
          draggable="true"
        >
          <span
            class="sc-eCApGN kYhPQD"
          >
            <svg
              class="sc-bdnylx fIWMCQ"
              color="black"
              height="20px"
              viewBox="0 0 1024 1024"
              width="20px"
            >
              <path
                class="sc-gtssRu kxOhqr"
                color="black"
                d="M511.976 768.002c-10.236 0-20.47-3.904-28.282-11.712l-344.154-344.098c-15.624-15.62-15.624-40.946-0.006-56.57 15.622-15.622 40.948-15.624 56.568-0.004l315.876 315.82 315.922-315.868c15.624-15.618 40.952-15.616 56.568 0.004 15.62 15.624 15.618 40.95-0.006 56.57l-344.204 344.144c-7.81 7.81-18.046 11.714-28.282 11.714z"
              />
            </svg>
          </span>
          <span>
            天津分行
          </span>
        </div>
        <div
          class="sc-hKFyIo jRZEKM"
          draggable="true"
        >
          <span
            class="sc-eCApGN eEPAex"
          >
            <svg
              class="sc-bdnylx fIWMCQ"
              color="black"
              height="20px"
              viewBox="0 0 1024 1024"
              width="20px"
            >
              <path
                class="sc-gtssRu kxOhqr"
                color="black"
                d="M511.976 768.002c-10.236 0-20.47-3.904-28.282-11.712l-344.154-344.098c-15.624-15.62-15.624-40.946-0.006-56.57 15.622-15.622 40.948-15.624 56.568-0.004l315.876 315.82 315.922-315.868c15.624-15.618 40.952-15.616 56.568 0.004 15.62 15.624 15.618 40.95-0.006 56.57l-344.204 344.144c-7.81 7.81-18.046 11.714-28.282 11.714z"
              />
            </svg>
          </span>
          <span>
            和平支行办事处
          </span>
        </div>
        <div
          class="sc-hKFyIo jRZEKM"
          draggable="true"
        >
          <span
            class="sc-eCApGN eEPAex"
          >
            <svg
              class="sc-bdnylx fIWMCQ"
              color="black"
              height="20px"
              viewBox="0 0 1024 1024"
              width="20px"
            >
              <path
                class="sc-gtssRu kxOhqr"
                color="black"
                d="M511.976 768.002c-10.236 0-20.47-3.904-28.282-11.712l-344.154-344.098c-15.624-15.62-15.624-40.946-0.006-56.57 15.622-15.622 40.948-15.624 56.568-0.004l315.876 315.82 315.922-315.868c15.624-15.618 40.952-15.616 56.568 0.004 15.62 15.624 15.618 40.95-0.006 56.57l-344.204 344.144c-7.81 7.81-18.046 11.714-28.282 11.714z"
              />
            </svg>
          </span>
          <span>
            河东支行办事处
          </span>
        </div>
        <div
          class="sc-hKFyIo jRZEKM"
          draggable="true"
        >
          <span
            class="sc-eCApGN eEPAex"
          >
            <svg
              class="sc-bdnylx fIWMCQ"
              color="black"
              height="20px"
              viewBox="0 0 1024 1024"
              width="20px"
            >
              <path
                class="sc-gtssRu kxOhqr"
                color="black"
                d="M511.976 768.002c-10.236 0-20.47-3.904-28.282-11.712l-344.154-344.098c-15.624-15.62-15.624-40.946-0.006-56.57 15.622-15.622 40.948-15.624 56.568-0.004l315.876 315.82 315.922-315.868c15.624-15.618 40.952-15.616 56.568 0.004 15.62 15.624 15.618 40.95-0.006 56.57l-344.204 344.144c-7.81 7.81-18.046 11.714-28.282 11.714z"
              />
            </svg>
          </span>
          <span>
            南开支行办事处
          </span>
        </div>
      </div>
    </div>
  </body>,
  "container": <div>
    <div>
      <div
        class="sc-hKFyIo kJqdxa"
        draggable="true"
      >
        <span
          class="sc-eCApGN kYhPQD"
        >
          <svg
            class="sc-bdnylx fIWMCQ"
            color="black"
            height="20px"
            viewBox="0 0 1024 1024"
            width="20px"
          >
            <path
              class="sc-gtssRu kxOhqr"
              color="black"
              d="M511.976 768.002c-10.236 0-20.47-3.904-28.282-11.712l-344.154-344.098c-15.624-15.62-15.624-40.946-0.006-56.57 15.622-15.622 40.948-15.624 56.568-0.004l315.876 315.82 315.922-315.868c15.624-15.618 40.952-15.616 56.568 0.004 15.62 15.624 15.618 40.95-0.006 56.57l-344.204 344.144c-7.81 7.81-18.046 11.714-28.282 11.714z"
            />
          </svg>
        </span>
        <span>
          北京分行
        </span>
      </div>
      <div
        class="sc-hKFyIo jRZEKM"
        draggable="true"
      >
        <span
          class="sc-eCApGN kYhPQD"
        >
          <svg
            class="sc-bdnylx fIWMCQ"
            color="black"
            height="20px"
            viewBox="0 0 1024 1024"
            width="20px"
          >
            <path
              class="sc-gtssRu kxOhqr"
              color="black"
              d="M511.976 768.002c-10.236 0-20.47-3.904-28.282-11.712l-344.154-344.098c-15.624-15.62-15.624-40.946-0.006-56.57 15.622-15.622 40.948-15.624 56.568-0.004l315.876 315.82 315.922-315.868c15.624-15.618 40.952-15.616 56.568 0.004 15.62 15.624 15.618 40.95-0.006 56.57l-344.204 344.144c-7.81 7.81-18.046 11.714-28.282 11.714z"
            />
          </svg>
        </span>
        <span>
          朝阳支行办事处
        </span>
      </div>
      <div
        class="sc-hKFyIo gwokjl"
        draggable="true"
      >
        <span
          class="sc-eCApGN eEPAex"
        >
          <svg
            class="sc-bdnylx fIWMCQ"
            color="black"
            height="20px"
            viewBox="0 0 1024 1024"
            width="20px"
          >
            <path
              class="sc-gtssRu kxOhqr"
              color="black"
              d="M511.976 768.002c-10.236 0-20.47-3.904-28.282-11.712l-344.154-344.098c-15.624-15.62-15.624-40.946-0.006-56.57 15.622-15.622 40.948-15.624 56.568-0.004l315.876 315.82 315.922-315.868c15.624-15.618 40.952-15.616 56.568 0.004 15.62 15.624 15.618 40.95-0.006 56.57l-344.204 344.144c-7.81 7.81-18.046 11.714-28.282 11.714z"
            />
          </svg>
        </span>
        <span>
          朝阳支行办事处-1
        </span>
      </div>
      <div
        class="sc-hKFyIo gwokjl"
        draggable="true"
      >
        <span
          class="sc-eCApGN eEPAex"
        >
          <svg
            class="sc-bdnylx fIWMCQ"
            color="black"
            height="20px"
            viewBox="0 0 1024 1024"
            width="20px"
          >
            <path
              class="sc-gtssRu kxOhqr"
              color="black"
              d="M511.976 768.002c-10.236 0-20.47-3.904-28.282-11.712l-344.154-344.098c-15.624-15.62-15.624-40.946-0.006-56.57 15.622-15.622 40.948-15.624 56.568-0.004l315.876 315.82 315.922-315.868c15.624-15.618 40.952-15.616 56.568 0.004 15.62 15.624 15.618 40.95-0.006 56.57l-344.204 344.144c-7.81 7.81-18.046 11.714-28.282 11.714z"
            />
          </svg>
        </span>
        <span>
          朝阳支行办事处-2
        </span>
      </div>
      <div
        class="sc-hKFyIo jRZEKM"
        draggable="true"
      >
        <span
          class="sc-eCApGN eEPAex"
        >
          <svg
            class="sc-bdnylx fIWMCQ"
            color="black"
            height="20px"
            viewBox="0 0 1024 1024"
            width="20px"
          >
            <path
              class="sc-gtssRu kxOhqr"
              color="black"
              d="M511.976 768.002c-10.236 0-20.47-3.904-28.282-11.712l-344.154-344.098c-15.624-15.62-15.624-40.946-0.006-56.57 15.622-15.622 40.948-15.624 56.568-0.004l315.876 315.82 315.922-315.868c15.624-15.618 40.952-15.616 56.568 0.004 15.62 15.624 15.618 40.95-0.006 56.57l-344.204 344.144c-7.81 7.81-18.046 11.714-28.282 11.714z"
            />
          </svg>
        </span>
        <span>
          海淀支行办事处
        </span>
      </div>
      <div
        class="sc-hKFyIo jRZEKM"
        draggable="true"
      >
        <span
          class="sc-eCApGN eEPAex"
        >
          <svg
            class="sc-bdnylx fIWMCQ"
            color="black"
            height="20px"
            viewBox="0 0 1024 1024"
            width="20px"
          >
            <path
              class="sc-gtssRu kxOhqr"
              color="black"
              d="M511.976 768.002c-10.236 0-20.47-3.904-28.282-11.712l-344.154-344.098c-15.624-15.62-15.624-40.946-0.006-56.57 15.622-15.622 40.948-15.624 56.568-0.004l315.876 315.82 315.922-315.868c15.624-15.618 40.952-15.616 56.568 0.004 15.62 15.624 15.618 40.95-0.006 56.57l-344.204 344.144c-7.81 7.81-18.046 11.714-28.282 11.714z"
            />
          </svg>
        </span>
        <span>
          石景山支行办事处
        </span>
      </div>
      <div
        class="sc-hKFyIo kJqdxa"
        draggable="true"
      >
        <span
          class="sc-eCApGN kYhPQD"
        >
          <svg
            class="sc-bdnylx fIWMCQ"
            color="black"
            height="20px"
            viewBox="0 0 1024 1024"
            width="20px"
          >
            <path
              class="sc-gtssRu kxOhqr"
              color="black"
              d="M511.976 768.002c-10.236 0-20.47-3.904-28.282-11.712l-344.154-344.098c-15.624-15.62-15.624-40.946-0.006-56.57 15.622-15.622 40.948-15.624 56.568-0.004l315.876 315.82 315.922-315.868c15.624-15.618 40.952-15.616 56.568 0.004 15.62 15.624 15.618 40.95-0.006 56.57l-344.204 344.144c-7.81 7.81-18.046 11.714-28.282 11.714z"
            />
          </svg>
        </span>
        <span>
          天津分行
        </span>
      </div>
      <div
        class="sc-hKFyIo jRZEKM"
        draggable="true"
      >
        <span
          class="sc-eCApGN eEPAex"
        >
          <svg
            class="sc-bdnylx fIWMCQ"
            color="black"
            height="20px"
            viewBox="0 0 1024 1024"
            width="20px"
          >
            <path
              class="sc-gtssRu kxOhqr"
              color="black"
              d="M511.976 768.002c-10.236 0-20.47-3.904-28.282-11.712l-344.154-344.098c-15.624-15.62-15.624-40.946-0.006-56.57 15.622-15.622 40.948-15.624 56.568-0.004l315.876 315.82 315.922-315.868c15.624-15.618 40.952-15.616 56.568 0.004 15.62 15.624 15.618 40.95-0.006 56.57l-344.204 344.144c-7.81 7.81-18.046 11.714-28.282 11.714z"
            />
          </svg>
        </span>
        <span>
          和平支行办事处
        </span>
      </div>
      <div
        class="sc-hKFyIo jRZEKM"
        draggable="true"
      >
        <span
          class="sc-eCApGN eEPAex"
        >
          <svg
            class="sc-bdnylx fIWMCQ"
            color="black"
            height="20px"
            viewBox="0 0 1024 1024"
            width="20px"
          >
            <path
              class="sc-gtssRu kxOhqr"
              color="black"
              d="M511.976 768.002c-10.236 0-20.47-3.904-28.282-11.712l-344.154-344.098c-15.624-15.62-15.624-40.946-0.006-56.57 15.622-15.622 40.948-15.624 56.568-0.004l315.876 315.82 315.922-315.868c15.624-15.618 40.952-15.616 56.568 0.004 15.62 15.624 15.618 40.95-0.006 56.57l-344.204 344.144c-7.81 7.81-18.046 11.714-28.282 11.714z"
            />
          </svg>
        </span>
        <span>
          河东支行办事处
        </span>
      </div>
      <div
        class="sc-hKFyIo jRZEKM"
        draggable="true"
      >
        <span
          class="sc-eCApGN eEPAex"
        >
          <svg
            class="sc-bdnylx fIWMCQ"
            color="black"
            height="20px"
            viewBox="0 0 1024 1024"
            width="20px"
          >
            <path
              class="sc-gtssRu kxOhqr"
              color="black"
              d="M511.976 768.002c-10.236 0-20.47-3.904-28.282-11.712l-344.154-344.098c-15.624-15.62-15.624-40.946-0.006-56.57 15.622-15.622 40.948-15.624 56.568-0.004l315.876 315.82 315.922-315.868c15.624-15.618 40.952-15.616 56.568 0.004 15.62 15.624 15.618 40.95-0.006 56.57l-344.204 344.144c-7.81 7.81-18.046 11.714-28.282 11.714z"
            />
          </svg>
        </span>
        <span>
          南开支行办事处
        </span>
      </div>
    </div>
  </div>,
  "debug": [Function],
  "findAllByAltText": [Function],
  "findAllByDisplayValue": [Function],
  "findAllByLabelText": [Function],
  "findAllByPlaceholderText": [Function],
  "findAllByRole": [Function],
  "findAllByTestId": [Function],
  "findAllByText": [Function],
  "findAllByTitle": [Function],
  "findByAltText": [Function],
  "findByDisplayValue": [Function],
  "findByLabelText": [Function],
  "findByPlaceholderText": [Function],
  "findByRole": [Function],
  "findByTestId": [Function],
  "findByText": [Function],
  "findByTitle": [Function],
  "getAllByAltText": [Function],
  "getAllByDisplayValue": [Function],
  "getAllByLabelText": [Function],
  "getAllByPlaceholderText": [Function],
  "getAllByRole": [Function],
  "getAllByTestId": [Function],
  "getAllByText": [Function],
  "getAllByTitle": [Function],
  "getByAltText": [Function],
  "getByDisplayValue": [Function],
  "getByLabelText": [Function],
  "getByPlaceholderText": [Function],
  "getByRole": [Function],
  "getByTestId": [Function],
  "getByText": [Function],
  "getByTitle": [Function],
  "queryAllByAltText": [Function],
  "queryAllByDisplayValue": [Function],
  "queryAllByLabelText": [Function],
  "queryAllByPlaceholderText": [Function],
  "queryAllByRole": [Function],
  "queryAllByTestId": [Function],
  "queryAllByText": [Function],
  "queryAllByTitle": [Function],
  "queryByAltText": [Function],
  "queryByDisplayValue": [Function],
  "queryByLabelText": [Function],
  "queryByPlaceholderText": [Function],
  "queryByRole": [Function],
  "queryByTestId": [Function],
  "queryByText": [Function],
  "queryByTitle": [Function],
  "rerender": [Function],
  "unmount": [Function],
}
`;
