// Jest Snapshot v1, https://goo.gl/fbAQLP

exports[`test DatePicker component render correctly 1`] = `
Object {
  "asFragment": [Function],
  "baseElement": <body>
    <div>
      <div
        class="sc-ksluoS nnbEn"
      >
        <input
          aria-label="date picker"
          style="box-shadow: none; outline: none;"
          value="2020-9-7"
        />
        <span
          class="sc-bqGHjH dNZMrd"
        >
          <svg
            class="sc-hKFyIo ftCoiL"
            color="black"
            height="20px"
            viewBox="0 0 1024 1024"
            width="20px"
          >
            <path
              class="sc-eCApGN ijoIcd"
              color="black"
              d="M920.036 160.030h-112.004v-72c0-22.092-17.906-40.004-40-40.004-22.090 0-40 17.906-40 40v72.004h-432v-72c0-22.092-17.906-40.004-40-40.004-22.090 0-40 17.906-40 40v72.004h-112.004c-1.38 0-2.746 0.070-4.090 0.208-20.168 2.046-35.91 19.080-35.91 39.792v688c0 22.090 17.91 40 40 40h816.008c22.098 0 40-17.91 40-40v-688c0-22.094-17.908-40-40-40zM356.032 848.026h-212.004v-142.662h212.004v142.662zM356.032 665.364h-212.004v-162.664h212.004v162.664zM356.032 462.7h-212.004v-142.662h212.004v142.662zM628.032 848.026h-232v-142.662h232v142.662zM628.032 665.364h-232v-162.664h232v162.664zM628.032 462.7h-232v-142.662h232v142.662zM880.036 848.026h-212.004v-142.662h212.004v142.662zM880.036 665.364h-212.004v-162.664h212.004v162.664zM880.036 462.7h-212.004v-142.662h212.004v142.662z"
            />
          </svg>
        </span>
      </div>
    </div>
  </body>,
  "container": <div>
    <div
      class="sc-ksluoS nnbEn"
    >
      <input
        aria-label="date picker"
        style="box-shadow: none; outline: none;"
        value="2020-9-7"
      />
      <span
        class="sc-bqGHjH dNZMrd"
      >
        <svg
          class="sc-hKFyIo ftCoiL"
          color="black"
          height="20px"
          viewBox="0 0 1024 1024"
          width="20px"
        >
          <path
            class="sc-eCApGN ijoIcd"
            color="black"
            d="M920.036 160.030h-112.004v-72c0-22.092-17.906-40.004-40-40.004-22.090 0-40 17.906-40 40v72.004h-432v-72c0-22.092-17.906-40.004-40-40.004-22.090 0-40 17.906-40 40v72.004h-112.004c-1.38 0-2.746 0.070-4.090 0.208-20.168 2.046-35.91 19.080-35.91 39.792v688c0 22.090 17.91 40 40 40h816.008c22.098 0 40-17.91 40-40v-688c0-22.094-17.908-40-40-40zM356.032 848.026h-212.004v-142.662h212.004v142.662zM356.032 665.364h-212.004v-162.664h212.004v162.664zM356.032 462.7h-212.004v-142.662h212.004v142.662zM628.032 848.026h-232v-142.662h232v142.662zM628.032 665.364h-232v-162.664h232v162.664zM628.032 462.7h-232v-142.662h232v142.662zM880.036 848.026h-212.004v-142.662h212.004v142.662zM880.036 665.364h-212.004v-162.664h212.004v162.664zM880.036 462.7h-212.004v-142.662h212.004v142.662z"
          />
        </svg>
      </span>
    </div>
  </div>,
  "debug": [Function],
  "findAllByAltText": [Function],
  "findAllByDisplayValue": [Function],
  "findAllByLabelText": [Function],
  "findAllByPlaceholderText": [Function],
  "findAllByRole": [Function],
  "findAllByTestId": [Function],
  "findAllByText": [Function],
  "findAllByTitle": [Function],
  "findByAltText": [Function],
  "findByDisplayValue": [Function],
  "findByLabelText": [Function],
  "findByPlaceholderText": [Function],
  "findByRole": [Function],
  "findByTestId": [Function],
  "findByText": [Function],
  "findByTitle": [Function],
  "getAllByAltText": [Function],
  "getAllByDisplayValue": [Function],
  "getAllByLabelText": [Function],
  "getAllByPlaceholderText": [Function],
  "getAllByRole": [Function],
  "getAllByTestId": [Function],
  "getAllByText": [Function],
  "getAllByTitle": [Function],
  "getByAltText": [Function],
  "getByDisplayValue": [Function],
  "getByLabelText": [Function],
  "getByPlaceholderText": [Function],
  "getByRole": [Function],
  "getByTestId": [Function],
  "getByText": [Function],
  "getByTitle": [Function],
  "queryAllByAltText": [Function],
  "queryAllByDisplayValue": [Function],
  "queryAllByLabelText": [Function],
  "queryAllByPlaceholderText": [Function],
  "queryAllByRole": [Function],
  "queryAllByTestId": [Function],
  "queryAllByText": [Function],
  "queryAllByTitle": [Function],
  "queryByAltText": [Function],
  "queryByDisplayValue": [Function],
  "queryByLabelText": [Function],
  "queryByPlaceholderText": [Function],
  "queryByRole": [Function],
  "queryByTestId": [Function],
  "queryByText": [Function],
  "queryByTitle": [Function],
  "rerender": [Function],
  "unmount": [Function],
}
`;
